// Jest Snapshot v1, https://goo.gl/fbAQLP

exports[`Constants: DEPENDENCY Matches snapshot 1`] = `
Object {
  "ACKNOWLEDGE_BREACH_MANAGER": "acknowledgeBreachManager",
  "BLUETOOTH": "bluetooth",
  "BREACH_CONFIGURATION_MANAGER": "breachConfigurationManager",
  "BREACH_MANAGER": "breachManager",
  "CHART_MANAGER": "chartManager",
  "CONSECUTIVE_BREACH_MANAGER": "consecutiveBreachManager",
  "CUMULATIVE_BREACH_MANAGER": "cumulativeBreachManager",
  "DATABASE": "database",
  "DATABASE_UTILS": "databaseUtils",
  "DEVICE": "device",
  "DOWNLOAD_MANAGER": "downloadManager",
  "EXPORT_SERVICE": "exportService",
  "FORMAT_SERVICE": "formatService",
  "LOCATOR": "DependencyLocator",
  "LOGGER_SERVICE": "loggerService",
  "LOG_TABLE_MANAGER": "logTableManager",
  "PERMISSION_SERVICE": "permissionService",
  "REPORT_MANAGER": "reportManager",
  "SENSOR_MANAGER": "sensorManager",
  "SENSOR_STATUS_MANAGER": "sensorStatusManager",
  "SETTING_MANAGER": "settingManager",
  "UTIL_SERVICE": "utilService",
}
`;
