// Jest Snapshot v1, https://goo.gl/fbAQLP

exports[`Constants: SETTING Matches snapshot 1`] = `
Object {
  "BLUETOOTH": Object {
    "DEFAULT_LOG_INTERVAL": "DEFAULT_LOG_INTERVAL",
  },
  "SYNC": Object {
    "AUTH_PASSWORD": "AUTH_PASSWORD",
    "AUTH_URL": "AUTH_URL",
    "AUTH_USERNAME": "AUTH_USERNAME",
    "IS_PASSIVE_SYNC_ENABLED": "IS_PASSIVE_SYNC_ENABLED",
    "LAST_SYNC": "LAST_SYNC",
    "SENSOR_URL": "SENSOR_URL",
    "TEMPERATURE_BREACH_URL": "TEMPERATURE_BREACH_URL",
    "TEMPERATURE_LOG_URL": "TEMPERATURE_LOG_URL",
  },
}
`;
