// Jest Snapshot v1, https://goo.gl/fbAQLP

exports[`DownloadActions  1`] = `
Array [
  Object {
    "payload": undefined,
    "type": "download/passiveDownloadingStart",
  },
  Object {
    "payload": undefined,
    "type": "download/passiveDownloadingStop",
  },
  Object {
    "payload": Object {
      "sensorId": undefined,
    },
    "type": "download/downloadStart",
  },
  Object {
    "payload": Object {
      "sensorId": undefined,
    },
    "type": "download/downloadComplete",
  },
  Object {
    "payload": Object {
      "sensorId": undefined,
    },
    "type": "download/tryManualDownloadForSensor",
  },
  Object {
    "payload": Object {
      "sensorId": undefined,
    },
    "type": "download/manualDownloadForSensorSuccess",
  },
  Object {
    "payload": Object {
      "sensorId": undefined,
    },
    "type": "download/manualDownloadForSensorFail",
  },
  Object {
    "payload": Object {
      "sensorId": undefined,
    },
    "type": "download/tryPassiveDownloadForSensor",
  },
  Object {
    "payload": Object {
      "sensorId": undefined,
    },
    "type": "download/passiveDownloadForSensorSuccess",
  },
  Object {
    "payload": Object {
      "sensorId": undefined,
    },
    "type": "download/passiveDownloadForSensorFail",
  },
]
`;
